Microchip MPLAB XC8 Compiler V1.35 ()

Linker command line:

--edf=C:\Program Files (x86)\Microchip\xc8\v1.35\dat\en_msgs.txt -cs \
  -h+dist/default/production\CanToSerial.X.production.sym \
  --cmf=dist/default/production\CanToSerial.X.production.cmf -z -Q18F4480 \
  -oC:\Users\simon\AppData\Local\Temp\s9ik.2 \
  -Mdist/default/production/CanToSerial.X.production.map -E1 -ver=XC8 \
  --acfsm=1493 -ASTACK=0E3h-02ffh -pstack=STACK -ACODE=00h-03FFFh \
  -ACONST=00h-03FFFh -ASMALLCONST=0300h-03FFhx61 -AMEDIUMCONST=0300h-03FFFh \
  -ACOMRAM=01h-05Fh -AABS1=00h-02FFh -ABIGRAM=01h-02FFh \
  -ARAM=060h-0FFh,0100h-01FFhx2 -ABANK0=060h-0FFh -ABANK1=0100h-01FFh \
  -ABANK2=0200h-02FFh -ASFR=0D00h-0DFFhx2,0F00h-0F5Fh,0F60h-0FFFh \
  -preset_vec=00h,intcode=08h,intcodelo=018h,powerup,init,end_init \
  -pramtop=0300h -psmallconst=SMALLCONST -pmediumconst=MEDIUMCONST \
  -pconst=CONST -AFARRAM=00h-00h -ACONFIG=0300000h-030000Dh -pconfig=CONFIG \
  -AIDLOC=0200000h-0200007h -pidloc=IDLOC -AEEDATA=0F00000h-0F000FFh \
  -peeprom_data=EEDATA \
  -prdata=COMRAM,nvrram=COMRAM,nvbit=COMRAM,rbss=COMRAM,rbit=COMRAM \
  -pfarbss=FARRAM,fardata=FARRAM,nvFARRAM=FARRAM \
  -pintsave_regs=BIGRAM,bigbss=BIGRAM,bigdata=BIGRAM -pbss=RAM \
  -pidata=CODE,irdata=CODE,ibigdata=CODE,ifardata=CODE -prparam=COMRAM \
  C:\Users\simon\AppData\Local\Temp\s9ik.obj \
  dist/default/production\CanToSerial.X.production.obj 

Object code version is 3.11

Machine type is 18F4480

Call graph: (short form)




                Name                               Link     Load   Length Selector   Space Scale
C:\Users\simon\AppData\Local\Temp\s9ik.obj
                end_init                            164      164        4        C       0
                reset_vec                             0        0        4        0       0
                idloc                            200000   200000        8   200000       0
                config                           300000   300000        E   300000       0
dist/default/production\CanToSerial.X.production.obj
                intcodelo                            18       18      14C        C       0
                intcode                               8        8        E        4       0
                temp                                 3F       3F        1        1       1
                text24                             33A2     33A2       1E        C       0
                text23                             33EC     33EC       16        C       0
                text22                             1B6E     1B6E      550        C       0
                text21                             13FA     13FA      774        C       0
                intcode_body                       2CE2     2CE2      194        C       0
                text19                             33D6     33D6       16        C       0
                text18                             20BE     20BE      50C        C       0
                text17                             3384     3384       1E        C       0
                text16                             3330     3330       2C        C       0
                text14                              C6E      C6E      78C        C       0
                text13                             2B2E     2B2E      1B4        C       0
                text12                             33C0     33C0       16        C       0
                text11                              168      168      B06        C       0
                text10                             25CA     25CA      39E        C       0
                text9                              2968     2968      1C6        C       0
                text8                              3204     3204       74        C       0
                text7                              30BA     30BA       C6        C       0
                text6                              32FA     32FA       36        C       0
                text5                              32C0     32C0       3A        C       0
                text4                              3180     3180       84        C       0
                text3                              3402     3402       14        C       0
                text2                              335C     335C       28        C       0
                text1                              2FB2     2FB2      108        C       0
                text0                              2E76     2E76      13C        C       0
                cstackCOMRAM                          1        1       24        1       1
                cstackBANK0                          9C       9C       36       60       1
                dataBANK0                            D2       D2       11       60       1
                bssBANK0                             60       60       3C       60       1
                bssCOMRAM                            25       25       19        1       1
                bitbssCOMRAM                        1F0       3E        5        1       1     8
                cinit                              3278     3278       48        C       0
                idataBANK0                         3416     3416       11        C       0

TOTAL           Name                               Link     Load   Length     Space
        CLASS   STACK          

        CLASS   CODE           
                end_init                            164      164        4         0
                intcodelo                            18       18      14C         0
                intcode                               8        8        E         0
                reset_vec                             0        0        4         0
                text24                             33A2     33A2       1E         0
                text23                             33EC     33EC       16         0
                text22                             1B6E     1B6E      550         0
                text21                             13FA     13FA      774         0
                intcode_body                       2CE2     2CE2      194         0
                text19                             33D6     33D6       16         0
                text18                             20BE     20BE      50C         0
                text17                             3384     3384       1E         0
                text16                             3330     3330       2C         0
                text14                              C6E      C6E      78C         0
                text13                             2B2E     2B2E      1B4         0
                text12                             33C0     33C0       16         0
                text11                              168      168      B06         0
                text10                             25CA     25CA      39E         0
                text9                              2968     2968      1C6         0
                text8                              3204     3204       74         0
                text7                              30BA     30BA       C6         0
                text6                              32FA     32FA       36         0
                text5                              32C0     32C0       3A         0
                text4                              3180     3180       84         0
                text3                              3402     3402       14         0
                text2                              335C     335C       28         0
                text1                              2FB2     2FB2      108         0
                text0                              2E76     2E76      13C         0
                cinit                              3278     3278       48         0
                idataBANK0                         3416     3416       11         0

        CLASS   CONST          

        CLASS   SMALLCONST     

        CLASS   MEDIUMCONST    

        CLASS   COMRAM         
                temp                                 3F       3F        1         1
                cstackCOMRAM                          1        1       24         1
                bssCOMRAM                            25       25       19         1
                bitbssCOMRAM                        1F0       3E        5         1

        CLASS   ABS1           

        CLASS   BIGRAM         

        CLASS   RAM            

        CLASS   BANK0          
                cstackBANK0                          9C       9C       36         1
                dataBANK0                            D2       D2       11         1
                bssBANK0                             60       60       3C         1

        CLASS   BANK1          

        CLASS   BANK2          

        CLASS   SFR            

        CLASS   FARRAM         

        CLASS   CONFIG         
                config                           300000   300000        E         0

        CLASS   IDLOC          
                idloc                            200000   200000        8         0

        CLASS   EEDATA         



SEGMENTS        Name                           Load    Length   Top    Selector   Space  Class

                reset_vec                      000000  000004  000004         0       0  CODE    
                cstackCOMRAM                   000001  00003F  000040         1       1  COMRAM  
                intcode                        000008  00000E  000016         4       0  CODE    
                intcodelo                      000018  00340F  003427         C       0  CODE    
                bssBANK0                       000060  000083  0000E3        60       1  BANK0   
                idloc                          200000  000008  200008    200000       0  IDLOC   
                config                         300000  00000E  30000E    300000       0  CONFIG  


UNUSED ADDRESS RANGES

        Name                Unused          Largest block    Delta
        BANK0            0000E3-0000FF               1D
        BANK1            000100-0001FF              100
        BANK2            000200-0002FF              100
        BIGRAM           000040-00005F               20
                         0000E3-0002FF              21D
        CODE             000004-000007                4
                         000016-000017                2
                         003427-003FFF              BD9
        COMRAM           000040-00005F               20
        CONST            000004-000007                4
                         000016-000017                2
                         003427-003FFF              BD9
        EEDATA           F00000-F000FF              100
        MEDIUMCONST      003427-003FFF              BD9
        RAM              0000E3-0002FF              100
        SFR              000D00-000FFF              100
        SMALLCONST       003427-003FFF              100
        STACK            0000E3-0002FF              21D

                                  Symbol Table

?___wmul                          cstackBANK0  0000B7
CANInitialize@BRP                 cstackBANK0  0000C8
CANInitialize@FilterConfig1       cstackBANK0  0000CF
CANInitialize@FilterConfig2       cstackBANK0  0000D0
CANInitialize@SJW                 cstackBANK0  0000C7
CANInitialize@flags               cstackBANK0  0000C9
CANInitialize@phaseSeg1           cstackBANK0  0000C5
CANInitialize@phaseSeg2           cstackBANK0  0000C6
CANInitialize@propSeg             cstackBANK0  0000CE
CANOperationMode@mode             cstackBANK0  0000B7
CANSetFilter@filter               cstackBANK0  0000B7
CANSetFilter@numBuffer            cstackBANK0  0000C0
CANSetFilter@tamp                 cstackBANK0  0000C1
CANSetFilter@type                 cstackBANK0  0000BB
CANSetMask@mask                   cstackBANK0  0000B7
CANSetMask@numBuffer              cstackBANK0  0000C0
CANSetMask@tamp                   cstackBANK0  0000C1
CANSetMask@type                   cstackBANK0  0000BB
CANreceiveMessage@error           cstackCOMRAM 00000B
CANreceiveMessage@msg             cstackCOMRAM 000001
CANreceiveMessage@tamp            cstackCOMRAM 00000C
CANsendMessage@data               cstackBANK0  0000BB
CANsendMessage@dataLength         cstackBANK0  0000BD
CANsendMessage@flags              cstackBANK0  0000BE
CANsendMessage@identifier         cstackBANK0  0000B7
CANsendMessage@tamp               cstackBANK0  0000C3
ISR_alta@i                        cstackCOMRAM 000024
ISR_bassa@i                       cstackCOMRAM 00001F
OpenUSART@config                  cstackBANK0  0000B9
OpenUSART@spbrg                   cstackBANK0  0000B7
ReadUSART@data                    cstackCOMRAM 000001
WriteUSART@data                   cstackBANK0  0000B7
_ADCON1bits                       (abs)        000FC1
_BRGCON1                          (abs)        000F70
_BRGCON2                          (abs)        000F71
_BRGCON2bits                      (abs)        000F71
_BRGCON3                          (abs)        000F72
_BRGCON3bits                      (abs)        000F72
_CANCON                           (abs)        000F6F
_CANCONbits                       (abs)        000F6F
_CANInitialize                    text9        002968
_CANOperationMode                 text12       0033C0
_CANSTAT                          (abs)        000F6E
_CANSetFilter                     text11       000168
_CANSetMask                       text10       0025CA
_CANisRxReady                     text19       0033D6
_CANisRxReady$3115                cstackCOMRAM 000001
_CANisTxReady                     text24       0033A2
_CANisTxReady$3113                cstackCOMRAM 000020
_CANreceiveMessage                text18       0020BE
_CANsendMessage                   text14       000C6E
_COMSTATbits                      (abs)        000F74
_INTCONbits                       (abs)        000FF2
_IPR1bits                         (abs)        000F9F
_IPR2bits                         (abs)        000FA2
_IPR3bits                         (abs)        000FA5
_ISR_alta                         intcode      000008
_ISR_bassa                        intcodelo    000018
_LATA                             (abs)        000F89
_LATB                             (abs)        000F8A
_LATC                             (abs)        000F8B
_LATD                             (abs)        000F8C
_LATDbits                         (abs)        000F8C
_LATE                             (abs)        000F8D
_OpenUSART                        text8        003204
_PIE1                             (abs)        000F9D
_PIE1bits                         (abs)        000F9D
_PIE2bits                         (abs)        000FA0
_PIE3bits                         (abs)        000FA3
_PIR1bits                         (abs)        000F9E
_PIR2bits                         (abs)        000FA1
_PIR3bits                         (abs)        000FA4
_PORTCbits                        (abs)        000F82
_RCONbits                         (abs)        000FD0
_RCREG                            (abs)        000FAE
_RCSTA                            (abs)        000FAB
_RCSTAbits                        (abs)        000FAB
_RTR_Flag                         bitbssCOMRAM 0001F0
_RXB0CON                          (abs)        000F60
_RXB0CONbits                      (abs)        000F60
_RXB0D0                           (abs)        000F66
_RXB0D1                           (abs)        000F67
_RXB0D2                           (abs)        000F68
_RXB0D3                           (abs)        000F69
_RXB0D4                           (abs)        000F6A
_RXB0D5                           (abs)        000F6B
_RXB0D6                           (abs)        000F6C
_RXB0D7                           (abs)        000F6D
_RXB0DLC                          (abs)        000F65
_RXB0DLCbits                      (abs)        000F65
_RXB0EIDH                         (abs)        000F63
_RXB0EIDL                         (abs)        000F64
_RXB0SIDH                         (abs)        000F61
_RXB0SIDL                         (abs)        000F62
_RXB0SIDLbits                     (abs)        000F62
_RXB1CON                          (abs)        000F50
_RXB1CONbits                      (abs)        000F50
_RXB1D0                           (abs)        000F56
_RXB1D1                           (abs)        000F57
_RXB1D2                           (abs)        000F58
_RXB1D3                           (abs)        000F59
_RXB1D4                           (abs)        000F5A
_RXB1D5                           (abs)        000F5B
_RXB1D6                           (abs)        000F5C
_RXB1D7                           (abs)        000F5D
_RXB1DLC                          (abs)        000F55
_RXB1DLCbits                      (abs)        000F55
_RXB1EIDH                         (abs)        000F53
_RXB1EIDL                         (abs)        000F54
_RXB1SIDH                         (abs)        000F51
_RXB1SIDL                         (abs)        000F52
_RXB1SIDLbits                     (abs)        000F52
_RXERRCNT                         (abs)        000F75
_RXF0EIDH                         (abs)        000F02
_RXF0EIDL                         (abs)        000F03
_RXF0SIDH                         (abs)        000F00
_RXF0SIDL                         (abs)        000F01
_RXF0SIDLbits                     (abs)        000F01
_RXF1EIDH                         (abs)        000F06
_RXF1EIDL                         (abs)        000F07
_RXF1SIDH                         (abs)        000F04
_RXF1SIDL                         (abs)        000F05
_RXF1SIDLbits                     (abs)        000F05
_RXF2EIDH                         (abs)        000F0A
_RXF2EIDL                         (abs)        000F0B
_RXF2SIDH                         (abs)        000F08
_RXF2SIDL                         (abs)        000F09
_RXF2SIDLbits                     (abs)        000F09
_RXF3EIDH                         (abs)        000F0E
_RXF3EIDL                         (abs)        000F0F
_RXF3SIDH                         (abs)        000F0C
_RXF3SIDL                         (abs)        000F0D
_RXF3SIDLbits                     (abs)        000F0D
_RXF4EIDH                         (abs)        000F12
_RXF4EIDL                         (abs)        000F13
_RXF4SIDH                         (abs)        000F10
_RXF4SIDL                         (abs)        000F11
_RXF4SIDLbits                     (abs)        000F11
_RXF5EIDH                         (abs)        000F16
_RXF5EIDL                         (abs)        000F17
_RXF5SIDH                         (abs)        000F14
_RXF5SIDL                         (abs)        000F15
_RXF5SIDLbits                     (abs)        000F15
_RXM0EIDH                         (abs)        000F1A
_RXM0EIDL                         (abs)        000F1B
_RXM0SIDH                         (abs)        000F18
_RXM0SIDL                         (abs)        000F19
_RXM0SIDLbits                     (abs)        000F19
_RXM1EIDH                         (abs)        000F1E
_RXM1EIDL                         (abs)        000F1F
_RXM1SIDH                         (abs)        000F1C
_RXM1SIDL                         (abs)        000F1D
_RXM1SIDLbits                     (abs)        000F1D
_ReadUSART                        text17       003384
_SPBRG                            (abs)        000FAF
_SPBRGH                           (abs)        000FB0
_SerialOutput                     dataBANK0    0000DB
_SerialOutputOld                  dataBANK0    0000D2
_T3CON                            (abs)        000FB1
_TMR3H                            (abs)        000FB3
_TMR3L                            (abs)        000FB2
_TRISA                            (abs)        000F92
_TRISB                            (abs)        000F93
_TRISC                            (abs)        000F94
_TRISCbits                        (abs)        000F94
_TRISD                            (abs)        000F95
_TRISE                            (abs)        000F96
_TXB0CONbits                      (abs)        000F40
_TXB0D0                           (abs)        000F46
_TXB0D1                           (abs)        000F47
_TXB0D2                           (abs)        000F48
_TXB0D3                           (abs)        000F49
_TXB0D4                           (abs)        000F4A
_TXB0D5                           (abs)        000F4B
_TXB0D6                           (abs)        000F4C
_TXB0D7                           (abs)        000F4D
_TXB0DLC                          (abs)        000F45
_TXB0DLCbits                      (abs)        000F45
_TXB0EIDH                         (abs)        000F43
_TXB0EIDL                         (abs)        000F44
_TXB0SIDH                         (abs)        000F41
_TXB0SIDL                         (abs)        000F42
_TXB0SIDLbits                     (abs)        000F42
_TXB1CONbits                      (abs)        000F30
_TXB1D0                           (abs)        000F36
_TXB1D1                           (abs)        000F37
_TXB1D2                           (abs)        000F38
_TXB1D3                           (abs)        000F39
_TXB1D4                           (abs)        000F3A
_TXB1D5                           (abs)        000F3B
_TXB1D6                           (abs)        000F3C
_TXB1D7                           (abs)        000F3D
_TXB1DLC                          (abs)        000F35
_TXB1DLCbits                      (abs)        000F35
_TXB1EIDH                         (abs)        000F33
_TXB1EIDL                         (abs)        000F34
_TXB1SIDH                         (abs)        000F31
_TXB1SIDL                         (abs)        000F32
_TXB1SIDLbits                     (abs)        000F32
_TXB2CONbits                      (abs)        000F20
_TXB2D0                           (abs)        000F26
_TXB2D1                           (abs)        000F27
_TXB2D2                           (abs)        000F28
_TXB2D3                           (abs)        000F29
_TXB2D4                           (abs)        000F2A
_TXB2D5                           (abs)        000F2B
_TXB2D6                           (abs)        000F2C
_TXB2D7                           (abs)        000F2D
_TXB2DLC                          (abs)        000F25
_TXB2DLCbits                      (abs)        000F25
_TXB2EIDH                         (abs)        000F23
_TXB2EIDL                         (abs)        000F24
_TXB2SIDH                         (abs)        000F21
_TXB2SIDL                         (abs)        000F22
_TXB2SIDLbits                     (abs)        000F22
_TXERRCNT                         (abs)        000F76
_TXREG                            (abs)        000FAD
_TXSTA                            (abs)        000FAC
_TXSTAbits                        (abs)        000FAC
_USART_Rx                         bssBANK0     00007C
_USART_Status                     bssCOMRAM    000035
_WriteUSART                       text3        003402
__CFG_BBSIZ$1024                  (abs)        000000
__CFG_BOREN$BOHW                  (abs)        000000
__CFG_BORV$3                      (abs)        000000
__CFG_CP0$OFF                     (abs)        000000
__CFG_CP1$OFF                     (abs)        000000
__CFG_CPB$OFF                     (abs)        000000
__CFG_CPD$OFF                     (abs)        000000
__CFG_EBTR0$OFF                   (abs)        000000
__CFG_EBTR1$OFF                   (abs)        000000
__CFG_EBTRB$OFF                   (abs)        000000
__CFG_FCMEN$OFF                   (abs)        000000
__CFG_IESO$OFF                    (abs)        000000
__CFG_LPT1OSC$OFF                 (abs)        000000
__CFG_LVP$OFF                     (abs)        000000
__CFG_MCLRE$ON                    (abs)        000000
__CFG_OSC$HS                      (abs)        000000
__CFG_PBADEN$ON                   (abs)        000000
__CFG_PWRT$OFF                    (abs)        000000
__CFG_STVREN$ON                   (abs)        000000
__CFG_WDT$OFF                     (abs)        000000
__CFG_WDTPS$128                   (abs)        000000
__CFG_WRT0$OFF                    (abs)        000000
__CFG_WRT1$OFF                    (abs)        000000
__CFG_WRTB$OFF                    (abs)        000000
__CFG_WRTC$OFF                    (abs)        000000
__CFG_WRTD$OFF                    (abs)        000000
__CFG_XINST$OFF                   (abs)        000000
__HRAM                            (abs)        000000
__Habs1                           abs1         000000
__Hbank0                          bank0        000000
__Hbank1                          bank1        000000
__Hbank2                          bank2        000000
__Hbigbss                         bigbss       000000
__Hbigdata                        bigdata      000000
__Hbigram                         bigram       000000
__HbitbssCOMRAM                   bitbssCOMRAM 000000
__Hbss                            bss          000000
__HbssBANK0                       bssBANK0     000000
__HbssCOMRAM                      bssCOMRAM    000000
__Hcinit                          cinit        000000
__Hclrtext                        clrtext      000000
__Hcomram                         comram       000000
__Hconfig                         config       30000E
__Hconst                          const        000000
__HcstackBANK0                    cstackBANK0  000000
__HcstackCOMRAM                   cstackCOMRAM 000000
__Hdata                           data         000000
__HdataBANK0                      dataBANK0    000000
__Heeprom_data                    eeprom_data  000000
__Hend_init                       end_init     000168
__Hfarbss                         farbss       000000
__Hfardata                        fardata      000000
__Hibigdata                       ibigdata     000000
__Hidata                          idata        000000
__HidataBANK0                     idataBANK0   000000
__Hidloc                          idloc        200008
__Hifardata                       ifardata     000000
__Hinit                           init         000164
__Hintcode                        intcode      000016
__Hintcode_body                   intcode_body 000000
__Hintcodelo                      intcodelo    000164
__Hintentry                       intentry     000000
__Hintret                         intret       000000
__Hintsave_regs                   intsave_regs 000000
__Hirdata                         irdata       000000
__Hmediumconst                    mediumconst  000000
__HnvFARRAM                       nvFARRAM     000000
__Hnvbit                          nvbit        000000
__Hnvrram                         nvrram       000000
__Hparam                          rparam       000000
__Hpowerup                        powerup      000164
__Hram                            ram          000000
__Hramtop                         ramtop       000300
__Hrbit                           rbit         000000
__Hrbss                           rbss         000000
__Hrdata                          rdata        000000
__Hreset_vec                      reset_vec    000004
__Hrparam                         rparam       000000
__Hsfr                            sfr          000000
__Hsmallconst                     smallconst   000000
__Hspace_0                        (abs)        30000E
__Hspace_1                        (abs)        0001F5
__Hspace_2                        (abs)        000000
__Hstack                          stack        000000
__Hstruct                         struct       000000
__Htemp                           temp         000040
__Htext                           text         000000
__Htext0                          text0        000000
__Htext1                          text1        000000
__Htext10                         text10       000000
__Htext11                         text11       000000
__Htext12                         text12       000000
__Htext13                         text13       000000
__Htext14                         text14       000000
__Htext16                         text16       000000
__Htext17                         text17       000000
__Htext18                         text18       000000
__Htext19                         text19       000000
__Htext2                          text2        000000
__Htext21                         text21       000000
__Htext22                         text22       000000
__Htext23                         text23       000000
__Htext24                         text24       000000
__Htext3                          text3        000000
__Htext4                          text4        000000
__Htext5                          text5        000000
__Htext6                          text6        000000
__Htext7                          text7        000000
__Htext8                          text8        000000
__Htext9                          text9        000000
__LRAM                            (abs)        000001
__Labs1                           abs1         000000
__Lbank0                          bank0        000000
__Lbank1                          bank1        000000
__Lbank2                          bank2        000000
__Lbigbss                         bigbss       000000
__Lbigdata                        bigdata      000000
__Lbigram                         bigram       000000
__LbitbssCOMRAM                   bitbssCOMRAM 000000
__Lbss                            bss          000000
__LbssBANK0                       bssBANK0     000000
__LbssCOMRAM                      bssCOMRAM    000000
__Lcinit                          cinit        000000
__Lclrtext                        clrtext      000000
__Lcomram                         comram       000000
__Lconfig                         config       300000
__Lconst                          const        000000
__LcstackBANK0                    cstackBANK0  000000
__LcstackCOMRAM                   cstackCOMRAM 000000
__Ldata                           data         000000
__LdataBANK0                      dataBANK0    000000
__Leeprom_data                    eeprom_data  000000
__Lend_init                       end_init     000164
__Lfarbss                         farbss       000000
__Lfardata                        fardata      000000
__Libigdata                       ibigdata     000000
__Lidata                          idata        000000
__LidataBANK0                     idataBANK0   000000
__Lidloc                          idloc        200000
__Lifardata                       ifardata     000000
__Linit                           init         000164
__Lintcode                        intcode      000008
__Lintcode_body                   intcode_body 000000
__Lintcodelo                      intcodelo    000018
__Lintentry                       intentry     000000
__Lintret                         intret       000000
__Lintsave_regs                   intsave_regs 000000
__Lirdata                         irdata       000000
__Lmediumconst                    mediumconst  000000
__LnvFARRAM                       nvFARRAM     000000
__Lnvbit                          nvbit        000000
__Lnvrram                         nvrram       000000
__Lparam                          rparam       000000
__Lpowerup                        powerup      000164
__Lram                            ram          000000
__Lramtop                         ramtop       000300
__Lrbit                           rbit         000000
__Lrbss                           rbss         000000
__Lrdata                          rdata        000000
__Lreset_vec                      reset_vec    000000
__Lrparam                         rparam       000000
__Lsfr                            sfr          000000
__Lsmallconst                     smallconst   000000
__Lspace_0                        (abs)        000000
__Lspace_1                        (abs)        000000
__Lspace_2                        (abs)        000000
__Lstack                          stack        000000
__Lstruct                         struct       000000
__Ltemp                           temp         00003F
__Ltext                           text         000000
__Ltext0                          text0        000000
__Ltext1                          text1        000000
__Ltext10                         text10       000000
__Ltext11                         text11       000000
__Ltext12                         text12       000000
__Ltext13                         text13       000000
__Ltext14                         text14       000000
__Ltext16                         text16       000000
__Ltext17                         text17       000000
__Ltext18                         text18       000000
__Ltext19                         text19       000000
__Ltext2                          text2        000000
__Ltext21                         text21       000000
__Ltext22                         text22       000000
__Ltext23                         text23       000000
__Ltext24                         text24       000000
__Ltext3                          text3        000000
__Ltext4                          text4        000000
__Ltext5                          text5        000000
__Ltext6                          text6        000000
__Ltext7                          text7        000000
__Ltext8                          text8        000000
__Ltext9                          text9        000000
__S0                              (abs)        30000E
__S1                              (abs)        0000E3
__S2                              (abs)        000000
___inthi_sp                       stack        000000
___intlo_sp                       stack        000000
___param_bank                     (abs)        000010
___rparam_used                    (abs)        000001
___sp                             stack        000000
___wmul                           text6        0032FA
___wmul@multiplicand              cstackBANK0  0000B9
___wmul@multiplier                cstackBANK0  0000B7
___wmul@product                   cstackBANK0  0000BB
__accesstop                       (abs)        000060
__activetblptr                    (abs)        000002
__end_of_CANInitialize            text9        002B2E
__end_of_CANOperationMode         text12       0033D6
__end_of_CANSetFilter             text11       000C6E
__end_of_CANSetMask               text10       002968
__end_of_CANisRxReady             text19       0033EC
__end_of_CANisTxReady             text24       0033C0
__end_of_CANreceiveMessage        text18       0025CA
__end_of_CANsendMessage           text14       0013FA
__end_of_ISR_alta                 intcode_body 002E76
__end_of_ISR_bassa                intcodelo    000164
__end_of_OpenUSART                text8        003278
__end_of_ReadUSART                text17       0033A2
__end_of_WriteUSART               text3        003416
__end_of___wmul                   text6        003330
__end_of__initialization          cinit        0032B2
__end_of_can_interpreter          text13       002CE2
__end_of_configurazione_iniziale  text7        003180
__end_of_delay_ms                 text5        0032FA
__end_of_getsUSART                text16       00335C
__end_of_main                     text0        002FB2
__end_of_putsUSART                text2        003384
__end_of_usart_interpreter        text4        003204
__end_of_usart_tx                 text1        0030BA
__end_ofi2_CANisRxReady           text23       003402
__end_ofi2_CANreceiveMessage      text22       0020BE
__end_ofi2_CANsendMessage         text21       001B6E
__initialization                  cinit        003278
__mediumconst                     mediumconst  000000
__pbitbssCOMRAM                   bitbssCOMRAM 0001F0
__pbssBANK0                       bssBANK0     000060
__pbssCOMRAM                      bssCOMRAM    000025
__pcinit                          cinit        003278
__pcstackBANK0                    cstackBANK0  00009C
__pcstackCOMRAM                   cstackCOMRAM 000001
__pdataBANK0                      dataBANK0    0000D2
__pidataBANK0                     idataBANK0   003416
__pintcode                        intcode      000008
__pintcode_body                   intcode_body 002CE2
__pintcodelo                      intcodelo    000018
__ptext0                          text0        002E76
__ptext1                          text1        002FB2
__ptext10                         text10       0025CA
__ptext11                         text11       000168
__ptext12                         text12       0033C0
__ptext13                         text13       002B2E
__ptext14                         text14       000C6E
__ptext16                         text16       003330
__ptext17                         text17       003384
__ptext18                         text18       0020BE
__ptext19                         text19       0033D6
__ptext2                          text2        00335C
__ptext21                         text21       0013FA
__ptext22                         text22       001B6E
__ptext23                         text23       0033EC
__ptext24                         text24       0033A2
__ptext3                          text3        003402
__ptext4                          text4        003180
__ptext5                          text5        0032C0
__ptext6                          text6        0032FA
__ptext7                          text7        0030BA
__ptext8                          text8        003204
__ptext9                          text9        002968
__ramtop                          ramtop       000300
__size_of_CANInitialize           (abs)        000000
__size_of_CANOperationMode        (abs)        000000
__size_of_CANSetFilter            (abs)        000000
__size_of_CANSetMask              (abs)        000000
__size_of_CANisRxReady            (abs)        000000
__size_of_CANisTxReady            (abs)        000000
__size_of_CANreceiveMessage       (abs)        000000
__size_of_CANsendMessage          (abs)        000000
__size_of_ISR_alta                (abs)        000000
__size_of_ISR_bassa               (abs)        000000
__size_of_OpenUSART               (abs)        000000
__size_of_ReadUSART               (abs)        000000
__size_of_WriteUSART              (abs)        000000
__size_of___wmul                  (abs)        000000
__size_of_can_interpreter         (abs)        000000
__size_of_configurazione_iniziale (abs)        000000
__size_of_delay_ms                (abs)        000000
__size_of_getsUSART               (abs)        000000
__size_of_main                    (abs)        000000
__size_of_putsUSART               (abs)        000000
__size_of_usart_interpreter       (abs)        000000
__size_of_usart_tx                (abs)        000000
__size_ofi2_CANisRxReady          (abs)        000000
__size_ofi2_CANreceiveMessage     (abs)        000000
__size_ofi2_CANsendMessage        (abs)        000000
__smallconst                      smallconst   000000
_analogic_brake                   bssBANK0     000084
_analogic_brake_old               bssBANK0     00006A
_can_interpreter                  text13       002B2E
_clock_counter_reference          bssBANK0     000068
_configurazione_iniziale          text7        0030BA
_data                             bssCOMRAM    000036
_delay_ms                         text5        0032C0
_delay_quartz_frequency_value     dataBANK0    0000DA
_dir                              bitbssCOMRAM 0001F1
_getsUSART                        text16       003330
_id                               bssCOMRAM    000025
_left_speed                       bssCOMRAM    000031
_main                             text0        002E76
_msg                              bssBANK0     00006D
_newMessageCan                    bitbssCOMRAM 0001F2
_newMessageUsart                  bitbssCOMRAM 0001F3
_previousTimeCounter              bssCOMRAM    000029
_putsUSART                        text2        00335C
_right_speed                      bssCOMRAM    000033
_sendMessage                      bitbssCOMRAM 0001F4
_set_speed                        bssBANK0     00008C
_set_speed_old                    bssBANK0     000060
_set_steering                     bssBANK0     000094
_set_steering_old                 bssBANK0     00006B
_spam_counter                     bssBANK0     00006C
_timeCounter                      bssCOMRAM    00002D
_usart_interpreter                text4        003180
_usart_tx                         text1        002FB2
btemp                             temp         00003F
delay_ms@value_ms                 cstackBANK0  0000BD
end_of_initialization             cinit        0032B2
getsUSART@buffer                  cstackCOMRAM 000002
getsUSART@data                    cstackCOMRAM 000005
getsUSART@i                       cstackCOMRAM 000006
getsUSART@len                     cstackCOMRAM 000004
i2CANreceiveMessage@error         cstackCOMRAM 000022
i2CANreceiveMessage@msg           cstackCOMRAM 000020
i2CANreceiveMessage@tamp          cstackCOMRAM 000023
i2CANsendMessage@data             cstackBANK0  0000A0
i2CANsendMessage@dataLength       cstackBANK0  0000A2
i2CANsendMessage@flags            cstackBANK0  0000A3
i2CANsendMessage@identifier       cstackBANK0  00009C
i2CANsendMessage@tamp             cstackBANK0  0000A4
i2_CANisRxReady                   text23       0033EC
i2_CANisRxReady$3115              cstackCOMRAM 000020
i2_CANreceiveMessage              text22       001B6E
i2_CANsendMessage                 text21       0013FA
int$flags                         temp         00003F
int_func                          intcode_body 002CE2
intlevel0                         text         000000
intlevel1                         text         000000
intlevel2                         text         000000
intlevel3                         text         000000
putsUSART@data                    cstackBANK0  0000B8
stackhi                           (abs)        0002FF
stacklo                           (abs)        0000E3
start                             init         000164
start_initialization              cinit        003278
usart_tx@i                        cstackBANK0  0000BC
usart_tx@i_3202                   cstackBANK0  0000BD
usart_tx@i_3211                   cstackBANK0  0000BE


FUNCTION INFORMATION:

 *************** function _main *****************
 Defined at:
		line 134 in file "CanToSerial.c"
 Parameters:    Size  Location     Type
		None
 Auto vars:     Size  Location     Type
		None
 Return value:  Size  Location     Type
		None               void
 Registers used:
		wreg, fsr1l, fsr1h, fsr2l, fsr2h, status,2, status,0, prodl, prodh, cstack
 Tracked objects:
		On entry : 
		On exit  : 
		Unchanged: 
 Data sizes:     COMRAM   BANK0   BANK1   BANK2
      Params:         0       0       0       0
      Locals:         0       0       0       0
      Temps:          0       1       0       0
      Totals:         0       1       0       0
Total ram usage:        1 bytes
 Hardware stack levels required when called:    8
 This function calls:
		_CANsendMessage
		_can_interpreter
		_configurazione_iniziale
		_delay_ms
		_usart_interpreter
		_usart_tx
 This function is called by:
		Startup code after reset
 This function uses a non-reentrant model


 *************** function _usart_tx *****************
 Defined at:
		line 249 in file "CanToSerial.c"
 Parameters:    Size  Location     Type
		None
 Auto vars:     Size  Location     Type
  i               1   34[BANK0 ] unsigned char 
  i               1   33[BANK0 ] unsigned char 
  i               1   32[BANK0 ] unsigned char 
 Return value:  Size  Location     Type
		None               void
 Registers used:
		wreg, fsr1l, fsr1h, fsr2l, fsr2h, status,2, status,0, prodl, prodh, cstack
 Tracked objects:
		On entry : 
		On exit  : 
		Unchanged: 
 Data sizes:     COMRAM   BANK0   BANK1   BANK2
      Params:         0       0       0       0
      Locals:         0       3       0       0
      Temps:          0       2       0       0
      Totals:         0       5       0       0
Total ram usage:        5 bytes
 Hardware stack levels used:    1
 Hardware stack levels required when called:    7
 This function calls:
		_putsUSART
 This function is called by:
		_main
 This function uses a non-reentrant model


 *************** function _putsUSART *****************
 Defined at:
		line 14 in file "C:\Program Files (x86)\Microchip\xc8\v1.35\sources\pic18\plib\USART\uputs.c"
 Parameters:    Size  Location     Type
  data            2   28[BANK0 ] PTR unsigned char 
		 -> SerialOutput(8), 
 Auto vars:     Size  Location     Type
		None
 Return value:  Size  Location     Type
		None               void
 Registers used:
		wreg, fsr2l, fsr2h, status,2, status,0, cstack
 Tracked objects:
		On entry : 
		On exit  : 
		Unchanged: 
 Data sizes:     COMRAM   BANK0   BANK1   BANK2
      Params:         0       2       0       0
      Locals:         0       0       0       0
      Temps:          0       0       0       0
      Totals:         0       2       0       0
Total ram usage:        2 bytes
 Hardware stack levels used:    1
 Hardware stack levels required when called:    6
 This function calls:
		_WriteUSART
 This function is called by:
		_usart_tx
 This function uses a non-reentrant model


 *************** function _WriteUSART *****************
 Defined at:
		line 13 in file "C:\Program Files (x86)\Microchip\xc8\v1.35\sources\pic18\plib\USART\uwrite.c"
 Parameters:    Size  Location     Type
  data            1    wreg     unsigned char 
 Auto vars:     Size  Location     Type
  data            1   27[BANK0 ] unsigned char 
 Return value:  Size  Location     Type
		None               void
 Registers used:
		wreg
 Tracked objects:
		On entry : 
		On exit  : 
		Unchanged: 
 Data sizes:     COMRAM   BANK0   BANK1   BANK2
      Params:         0       0       0       0
      Locals:         0       1       0       0
      Temps:          0       0       0       0
      Totals:         0       1       0       0
Total ram usage:        1 bytes
 Hardware stack levels used:    1
 Hardware stack levels required when called:    5
 This function calls:
		Nothing
 This function is called by:
		_putsUSART
 This function uses a non-reentrant model


 *************** function _usart_interpreter *****************
 Defined at:
		line 224 in file "CanToSerial.c"
 Parameters:    Size  Location     Type
		None
 Auto vars:     Size  Location     Type
		None
 Return value:  Size  Location     Type
		None               void
 Registers used:
		wreg, status,2, status,0
 Tracked objects:
		On entry : 
		On exit  : 
		Unchanged: 
 Data sizes:     COMRAM   BANK0   BANK1   BANK2
      Params:         0       0       0       0
      Locals:         0       0       0       0
      Temps:          0       1       0       0
      Totals:         0       1       0       0
Total ram usage:        1 bytes
 Hardware stack levels used:    1
 Hardware stack levels required when called:    5
 This function calls:
		Nothing
 This function is called by:
		_main
 This function uses a non-reentrant model


 *************** function _delay_ms *****************
 Defined at:
		line 61 in file "../../Drive/librerie/LaurTec_PIC_libraries_v_3.3.0/src\delay.c"
 Parameters:    Size  Location     Type
  value_ms        2   33[BANK0 ] unsigned int 
 Auto vars:     Size  Location     Type
		None
 Return value:  Size  Location     Type
		None               void
 Registers used:
		wreg, status,2, status,0, prodl, prodh, cstack
 Tracked objects:
		On entry : 
		On exit  : 
		Unchanged: 
 Data sizes:     COMRAM   BANK0   BANK1   BANK2
      Params:         0       2       0       0
      Locals:         0       0       0       0
      Temps:          0       0       0       0
      Totals:         0       2       0       0
Total ram usage:        2 bytes
 Hardware stack levels used:    1
 Hardware stack levels required when called:    6
 This function calls:
		___wmul
 This function is called by:
		_main
		_delay_s
 This function uses a non-reentrant model


 *************** function ___wmul *****************
 Defined at:
		line 15 in file "C:\Program Files (x86)\Microchip\xc8\v1.35\sources\common\Umul16.c"
 Parameters:    Size  Location     Type
  multiplier      2   27[BANK0 ] unsigned int 
  multiplicand    2   29[BANK0 ] unsigned int 
 Auto vars:     Size  Location     Type
  product         2   31[BANK0 ] unsigned int 
 Return value:  Size  Location     Type
                  2   27[BANK0 ] unsigned int 
 Registers used:
		wreg, status,2, status,0, prodl, prodh
 Tracked objects:
		On entry : 
		On exit  : 
		Unchanged: 
 Data sizes:     COMRAM   BANK0   BANK1   BANK2
      Params:         0       4       0       0
      Locals:         0       2       0       0
      Temps:          0       0       0       0
      Totals:         0       6       0       0
Total ram usage:        6 bytes
 Hardware stack levels used:    1
 Hardware stack levels required when called:    5
 This function calls:
		Nothing
 This function is called by:
		_delay_ms
 This function uses a non-reentrant model


 *************** function _configurazione_iniziale *****************
 Defined at:
		line 286 in file "CanToSerial.c"
 Parameters:    Size  Location     Type
		None
 Auto vars:     Size  Location     Type
		None
 Return value:  Size  Location     Type
		None               void
 Registers used:
		wreg, status,2, status,0, cstack
 Tracked objects:
		On entry : 
		On exit  : 
		Unchanged: 
 Data sizes:     COMRAM   BANK0   BANK1   BANK2
      Params:         0       0       0       0
      Locals:         0       0       0       0
      Temps:          0       0       0       0
      Totals:         0       0       0       0
Total ram usage:        0 bytes
 Hardware stack levels used:    1
 Hardware stack levels required when called:    7
 This function calls:
		_CANInitialize
		_CANOperationMode
		_CANSetFilter
		_OpenUSART
 This function is called by:
		_main
 This function uses a non-reentrant model


 *************** function _OpenUSART *****************
 Defined at:
		line 73 in file "C:\Program Files (x86)\Microchip\xc8\v1.35\sources\pic18\plib\USART\uopen.c"
 Parameters:    Size  Location     Type
  config          1    wreg     unsigned char 
  spbrg           2   27[BANK0 ] unsigned int 
 Auto vars:     Size  Location     Type
  config          1   29[BANK0 ] unsigned char 
 Return value:  Size  Location     Type
		None               void
 Registers used:
		wreg, status,2
 Tracked objects:
		On entry : 
		On exit  : 
		Unchanged: 
 Data sizes:     COMRAM   BANK0   BANK1   BANK2
      Params:         0       2       0       0
      Locals:         0       1       0       0
      Temps:          0       0       0       0
      Totals:         0       3       0       0
Total ram usage:        3 bytes
 Hardware stack levels used:    1
 Hardware stack levels required when called:    5
 This function calls:
		Nothing
 This function is called by:
		_configurazione_iniziale
 This function uses a non-reentrant model


 *************** function _CANInitialize *****************
 Defined at:
		line 218 in file "../../Drive/librerie/LaurTec_PIC_libraries_v_3.3.0/inc\CANlib.h"
 Parameters:    Size  Location     Type
  propSeg         1    wreg     unsigned char 
  phaseSeg1       1   41[BANK0 ] unsigned char 
  phaseSeg2       1   42[BANK0 ] unsigned char 
  SJW             1   43[BANK0 ] unsigned char 
  BRP             1   44[BANK0 ] unsigned char 
  flags           1   45[BANK0 ] enum E16844
 Auto vars:     Size  Location     Type
  propSeg         1   50[BANK0 ] unsigned char 
  FilterConfig    1   52[BANK0 ] unsigned char 
  FilterConfig    1   51[BANK0 ] unsigned char 
 Return value:  Size  Location     Type
		None               void
 Registers used:
		wreg, status,2, status,0, cstack
 Tracked objects:
		On entry : 
		On exit  : 
		Unchanged: 
 Data sizes:     COMRAM   BANK0   BANK1   BANK2
      Params:         0       5       0       0
      Locals:         0       3       0       0
      Temps:          0       4       0       0
      Totals:         0      12       0       0
Total ram usage:       12 bytes
 Hardware stack levels used:    1
 Hardware stack levels required when called:    6
 This function calls:
		_CANOperationMode
		_CANSetFilter
		_CANSetMask
 This function is called by:
		_configurazione_iniziale
 This function uses a non-reentrant model


 *************** function _CANSetMask *****************
 Defined at:
		line 639 in file "../../Drive/librerie/LaurTec_PIC_libraries_v_3.3.0/inc\CANlib.h"
 Parameters:    Size  Location     Type
  numBuffer       1    wreg     enum E16878
  mask            4   27[BANK0 ] unsigned long 
  type            1   31[BANK0 ] enum E16844
 Auto vars:     Size  Location     Type
  numBuffer       1   36[BANK0 ] enum E16878
  tamp            4   37[BANK0 ] unsigned long 
 Return value:  Size  Location     Type
		None               void
 Registers used:
		wreg, status,2, status,0
 Tracked objects:
		On entry : 
		On exit  : 
		Unchanged: 
 Data sizes:     COMRAM   BANK0   BANK1   BANK2
      Params:         0       5       0       0
      Locals:         0       5       0       0
      Temps:          0       4       0       0
      Totals:         0      14       0       0
Total ram usage:       14 bytes
 Hardware stack levels used:    1
 Hardware stack levels required when called:    5
 This function calls:
		Nothing
 This function is called by:
		_CANInitialize
 This function uses a non-reentrant model


 *************** function _CANSetFilter *****************
 Defined at:
		line 747 in file "../../Drive/librerie/LaurTec_PIC_libraries_v_3.3.0/inc\CANlib.h"
 Parameters:    Size  Location     Type
  numBuffer       1    wreg     enum E16881
  filter          4   27[BANK0 ] unsigned long 
  type            1   31[BANK0 ] enum E16844
 Auto vars:     Size  Location     Type
  numBuffer       1   36[BANK0 ] enum E16881
  tamp            4   37[BANK0 ] unsigned long 
 Return value:  Size  Location     Type
		None               void
 Registers used:
		wreg, status,2, status,0
 Tracked objects:
		On entry : 
		On exit  : 
		Unchanged: 
 Data sizes:     COMRAM   BANK0   BANK1   BANK2
      Params:         0       5       0       0
      Locals:         0       5       0       0
      Temps:          0       4       0       0
      Totals:         0      14       0       0
Total ram usage:       14 bytes
 Hardware stack levels used:    1
 Hardware stack levels required when called:    5
 This function calls:
		Nothing
 This function is called by:
		_CANInitialize
		_configurazione_iniziale
 This function uses a non-reentrant model


 *************** function _CANOperationMode *****************
 Defined at:
		line 206 in file "../../Drive/librerie/LaurTec_PIC_libraries_v_3.3.0/inc\CANlib.h"
 Parameters:    Size  Location     Type
  mode            1    wreg     enum E16838
 Auto vars:     Size  Location     Type
  mode            1   27[BANK0 ] enum E16838
 Return value:  Size  Location     Type
		None               void
 Registers used:
		wreg, status,2, status,0
 Tracked objects:
		On entry : 
		On exit  : 
		Unchanged: 
 Data sizes:     COMRAM   BANK0   BANK1   BANK2
      Params:         0       0       0       0
      Locals:         0       1       0       0
      Temps:          0       0       0       0
      Totals:         0       1       0       0
Total ram usage:        1 bytes
 Hardware stack levels used:    1
 Hardware stack levels required when called:    5
 This function calls:
		Nothing
 This function is called by:
		_CANInitialize
		_configurazione_iniziale
 This function uses a non-reentrant model


 *************** function _can_interpreter *****************
 Defined at:
		line 180 in file "CanToSerial.c"
 Parameters:    Size  Location     Type
		None
 Auto vars:     Size  Location     Type
		None
 Return value:  Size  Location     Type
		None               void
 Registers used:
		wreg, status,2, status,0
 Tracked objects:
		On entry : 
		On exit  : 
		Unchanged: 
 Data sizes:     COMRAM   BANK0   BANK1   BANK2
      Params:         0       0       0       0
      Locals:         0       0       0       0
      Temps:          0       8       0       0
      Totals:         0       8       0       0
Total ram usage:        8 bytes
 Hardware stack levels used:    1
 Hardware stack levels required when called:    5
 This function calls:
		Nothing
 This function is called by:
		_main
 This function uses a non-reentrant model


 *************** function _CANsendMessage *****************
 Defined at:
		line 293 in file "../../Drive/librerie/LaurTec_PIC_libraries_v_3.3.0/inc\CANlib.h"
 Parameters:    Size  Location     Type
  identifier      4   27[BANK0 ] unsigned long 
  data            2   31[BANK0 ] PTR unsigned char 
		 -> analogic_brake(8), set_speed(8), set_steering(8), data(8), 
  dataLength      1   33[BANK0 ] unsigned char 
  flags           1   34[BANK0 ] enum E16866
 Auto vars:     Size  Location     Type
  tamp            4   39[BANK0 ] unsigned long 
 Return value:  Size  Location     Type
		None               void
 Registers used:
		wreg, fsr2l, fsr2h, status,2, status,0
 Tracked objects:
		On entry : 
		On exit  : 
		Unchanged: 
 Data sizes:     COMRAM   BANK0   BANK1   BANK2
      Params:         0       8       0       0
      Locals:         0       4       0       0
      Temps:          0       4       0       0
      Totals:         0      16       0       0
Total ram usage:       16 bytes
 Hardware stack levels used:    1
 Hardware stack levels required when called:    5
 This function calls:
		Nothing
 This function is called by:
		_main
 This function uses a non-reentrant model


 *************** function _ISR_bassa *****************
 Defined at:
		line 101 in file "CanToSerial.c"
 Parameters:    Size  Location     Type
		None
 Auto vars:     Size  Location     Type
  i               1   30[COMRAM] unsigned char 
 Return value:  Size  Location     Type
		None               void
 Registers used:
		wreg, fsr1l, fsr1h, fsr2l, fsr2h, status,2, status,0, prodl, prodh, cstack
 Tracked objects:
		On entry : 
		On exit  : 
		Unchanged: 
 Data sizes:     COMRAM   BANK0   BANK1   BANK2
      Params:         0       0       0       0
      Locals:         1       0       0       0
      Temps:         18       0       0       0
      Totals:        19       0       0       0
Total ram usage:       19 bytes
 Hardware stack levels used:    1
 Hardware stack levels required when called:    4
 This function calls:
		_CANisRxReady
		_CANreceiveMessage
		_getsUSART
 This function is called by:
		Interrupt level 1
 This function uses a non-reentrant model


 *************** function _getsUSART *****************
 Defined at:
		line 14 in file "C:\Program Files (x86)\Microchip\xc8\v1.35\sources\pic18\plib\USART\ugets.c"
 Parameters:    Size  Location     Type
  buffer          2    1[COMRAM] PTR unsigned char 
		 -> USART_Rx(8), 
  len             1    3[COMRAM] unsigned char 
 Auto vars:     Size  Location     Type
  i               1    5[COMRAM] unsigned char 
  data            1    4[COMRAM] unsigned char 
 Return value:  Size  Location     Type
		None               void
 Registers used:
		wreg, fsr2l, fsr2h, status,2, status,0, cstack
 Tracked objects:
		On entry : 
		On exit  : 
		Unchanged: 
 Data sizes:     COMRAM   BANK0   BANK1   BANK2
      Params:         3       0       0       0
      Locals:         2       0       0       0
      Temps:          0       0       0       0
      Totals:         5       0       0       0
Total ram usage:        5 bytes
 Hardware stack levels used:    1
 Hardware stack levels required when called:    3
 This function calls:
		_ReadUSART
 This function is called by:
		_ISR_bassa
 This function uses a non-reentrant model


 *************** function _ReadUSART *****************
 Defined at:
		line 15 in file "C:\Program Files (x86)\Microchip\xc8\v1.35\sources\pic18\plib\USART\uread.c"
 Parameters:    Size  Location     Type
		None
 Auto vars:     Size  Location     Type
  data            1    0[COMRAM] unsigned char 
 Return value:  Size  Location     Type
                  1    wreg      unsigned char 
 Registers used:
		wreg, status,2, status,0
 Tracked objects:
		On entry : 
		On exit  : 
		Unchanged: 
 Data sizes:     COMRAM   BANK0   BANK1   BANK2
      Params:         0       0       0       0
      Locals:         1       0       0       0
      Temps:          0       0       0       0
      Totals:         1       0       0       0
Total ram usage:        1 bytes
 Hardware stack levels used:    1
 Hardware stack levels required when called:    2
 This function calls:
		Nothing
 This function is called by:
		_getsUSART
 This function uses a non-reentrant model


 *************** function _CANreceiveMessage *****************
 Defined at:
		line 527 in file "../../Drive/librerie/LaurTec_PIC_libraries_v_3.3.0/inc\CANlib.h"
 Parameters:    Size  Location     Type
  msg             2    0[COMRAM] PTR struct .
		 -> msg(15), 
 Auto vars:     Size  Location     Type
  tamp            1   11[COMRAM] unsigned char 
  error           1   10[COMRAM] unsigned char 
 Return value:  Size  Location     Type
                  1    wreg      unsigned char 
 Registers used:
		wreg, fsr2l, fsr2h, status,2, status,0
 Tracked objects:
		On entry : 
		On exit  : 
		Unchanged: 
 Data sizes:     COMRAM   BANK0   BANK1   BANK2
      Params:         2       0       0       0
      Locals:         2       0       0       0
      Temps:          8       0       0       0
      Totals:        12       0       0       0
Total ram usage:       12 bytes
 Hardware stack levels used:    1
 Hardware stack levels required when called:    2
 This function calls:
		Nothing
 This function is called by:
		_ISR_bassa
 This function uses a non-reentrant model


 *************** function _CANisRxReady *****************
 Defined at:
		line 1162 in file "../../Drive/librerie/LaurTec_PIC_libraries_v_3.3.0/inc\CANlib.h"
 Parameters:    Size  Location     Type
		None
 Auto vars:     Size  Location     Type
		None
 Return value:  Size  Location     Type
                  1    wreg      unsigned char 
 Registers used:
		wreg, status,2
 Tracked objects:
		On entry : 
		On exit  : 
		Unchanged: 
 Data sizes:     COMRAM   BANK0   BANK1   BANK2
      Params:         0       0       0       0
      Locals:         1       0       0       0
      Temps:          0       0       0       0
      Totals:         1       0       0       0
Total ram usage:        1 bytes
 Hardware stack levels used:    1
 Hardware stack levels required when called:    2
 This function calls:
		Nothing
 This function is called by:
		_ISR_bassa
 This function uses a non-reentrant model


 *************** function _ISR_alta *****************
 Defined at:
		line 71 in file "CanToSerial.c"
 Parameters:    Size  Location     Type
		None
 Auto vars:     Size  Location     Type
  i               1   35[COMRAM] unsigned char 
 Return value:  Size  Location     Type
		None               void
 Registers used:
		wreg, fsr1l, fsr1h, fsr2l, fsr2h, status,2, status,0, prodl, prodh, cstack
 Tracked objects:
		On entry : 
		On exit  : 
		Unchanged: 
 Data sizes:     COMRAM   BANK0   BANK1   BANK2
      Params:         0       0       0       0
      Locals:         1       0       0       0
      Temps:          0      15       0       0
      Totals:         1      15       0       0
Total ram usage:       16 bytes
 Hardware stack levels used:    1
 Hardware stack levels required when called:    1
 This function calls:
		_CANisTxReady
		i2_CANisRxReady
		i2_CANreceiveMessage
		i2_CANsendMessage
 This function is called by:
		Interrupt level 2
 This function uses a non-reentrant model


 *************** function i2_CANsendMessage *****************
 Defined at:
		line 293 in file "../../Drive/librerie/LaurTec_PIC_libraries_v_3.3.0/inc\CANlib.h"
 Parameters:    Size  Location     Type
  identifier      4    0[BANK0 ] unsigned long 
  data            2    4[BANK0 ] PTR unsigned char 
		 -> analogic_brake(8), set_speed(8), set_steering(8), data(8), 
  dataLength      1    6[BANK0 ] unsigned char 
  flags           1    7[BANK0 ] enum E16866
 Auto vars:     Size  Location     Type
  CANsendMessa    4    8[BANK0 ] unsigned long 
 Return value:  Size  Location     Type
		None               void
 Registers used:
		wreg, fsr2l, fsr2h, status,2, status,0
 Tracked objects:
		On entry : 
		On exit  : 
		Unchanged: 
 Data sizes:     COMRAM   BANK0   BANK1   BANK2
      Params:         0       8       0       0
      Locals:         0       4       0       0
      Temps:          4       0       0       0
      Totals:         4      12       0       0
Total ram usage:       16 bytes
 Hardware stack levels used:    1
 This function calls:
		Nothing
 This function is called by:
		_ISR_alta
 This function uses a non-reentrant model


 *************** function i2_CANreceiveMessage *****************
 Defined at:
		line 527 in file "../../Drive/librerie/LaurTec_PIC_libraries_v_3.3.0/inc\CANlib.h"
 Parameters:    Size  Location     Type
  msg             2   31[COMRAM] PTR struct .
		 -> msg(15), 
 Auto vars:     Size  Location     Type
  CANreceiveMe    1   34[COMRAM] unsigned char 
  CANreceiveMe    1   33[COMRAM] unsigned char 
 Return value:  Size  Location     Type
                  1    wreg      unsigned char 
 Registers used:
		wreg, fsr2l, fsr2h, status,2, status,0
 Tracked objects:
		On entry : 
		On exit  : 
		Unchanged: 
 Data sizes:     COMRAM   BANK0   BANK1   BANK2
      Params:         2       0       0       0
      Locals:         2       0       0       0
      Temps:          0       8       0       0
      Totals:         4       8       0       0
Total ram usage:       12 bytes
 Hardware stack levels used:    1
 This function calls:
		Nothing
 This function is called by:
		_ISR_alta
 This function uses a non-reentrant model


 *************** function i2_CANisRxReady *****************
 Defined at:
		line 1162 in file "../../Drive/librerie/LaurTec_PIC_libraries_v_3.3.0/inc\CANlib.h"
 Parameters:    Size  Location     Type
		None
 Auto vars:     Size  Location     Type
		None
 Return value:  Size  Location     Type
                  1    wreg      unsigned char 
 Registers used:
		wreg, status,2
 Tracked objects:
		On entry : 
		On exit  : 
		Unchanged: 
 Data sizes:     COMRAM   BANK0   BANK1   BANK2
      Params:         0       0       0       0
      Locals:         1       0       0       0
      Temps:          0       0       0       0
      Totals:         1       0       0       0
Total ram usage:        1 bytes
 Hardware stack levels used:    1
 This function calls:
		Nothing
 This function is called by:
		_ISR_alta
 This function uses a non-reentrant model


 *************** function _CANisTxReady *****************
 Defined at:
		line 1153 in file "../../Drive/librerie/LaurTec_PIC_libraries_v_3.3.0/inc\CANlib.h"
 Parameters:    Size  Location     Type
		None
 Auto vars:     Size  Location     Type
		None
 Return value:  Size  Location     Type
                  1    wreg      unsigned char 
 Registers used:
		wreg, status,2
 Tracked objects:
		On entry : 
		On exit  : 
		Unchanged: 
 Data sizes:     COMRAM   BANK0   BANK1   BANK2
      Params:         0       0       0       0
      Locals:         1       0       0       0
      Temps:          0       0       0       0
      Totals:         1       0       0       0
Total ram usage:        1 bytes
 Hardware stack levels used:    1
 This function calls:
		Nothing
 This function is called by:
		_ISR_alta
 This function uses a non-reentrant model



MODULE INFORMATION

Module		Function		Class		Link	Load	Size
C:\Program Files (x86)\Microchip\xc8\v1.35\sources\pic18\plib\USART\uopen.c
		_OpenUSART     		CODE           	3204	0000	117

C:\Program Files (x86)\Microchip\xc8\v1.35\sources\pic18\plib\USART\uopen.c estimated size: 117

../../Drive/librerie/LaurTec_PIC_libraries_v_3.3.0/src\delay.c
		_delay_ms      		CODE           	32C0	0000	59

../../Drive/librerie/LaurTec_PIC_libraries_v_3.3.0/src\delay.c estimated size: 59

C:\Program Files (x86)\Microchip\xc8\v1.35\sources\pic18\plib\USART\uread.c
		_ReadUSART     		CODE           	3384	0000	31

C:\Program Files (x86)\Microchip\xc8\v1.35\sources\pic18\plib\USART\uread.c estimated size: 31

../../Drive/librerie/LaurTec_PIC_libraries_v_3.3.0/inc\CANlib.h
		_CANSetFilter  		CODE           	0168	0000	2823
		_CANisRxReady  		CODE           	33D6	0000	23
		_CANreceiveMessage		CODE           	20BE	0000	1293
		_CANsendMessage		CODE           	0C6E	0000	1933
		_CANInitialize 		CODE           	2968	0000	455
		_CANOperationMode		CODE           	33C0	0000	23
		_CANisTxReady  		CODE           	33A2	0000	31
		_CANSetMask    		CODE           	25CA	0000	927

../../Drive/librerie/LaurTec_PIC_libraries_v_3.3.0/inc\CANlib.h estimated size: 7508

C:\Program Files (x86)\Microchip\xc8\v1.35\sources\pic18\plib\USART\uputs.c
		_putsUSART     		CODE           	335C	0000	41

C:\Program Files (x86)\Microchip\xc8\v1.35\sources\pic18\plib\USART\uputs.c estimated size: 41

C:\Program Files (x86)\Microchip\xc8\v1.35\sources\pic18\plib\USART\ugets.c
		_getsUSART     		CODE           	3330	0000	45

C:\Program Files (x86)\Microchip\xc8\v1.35\sources\pic18\plib\USART\ugets.c estimated size: 45

shared
		i2_CANreceiveMessage		CODE           	1B6E	0000	1361
		i2_CANisRxReady		CODE           	33EC	0000	23
		__initialization		CODE           	3278	0000	59
		i2_CANsendMessage		CODE           	13FA	0000	1909

shared estimated size: 3352

C:\Program Files (x86)\Microchip\xc8\v1.35\sources\pic18\plib\USART\uwrite.c
		_WriteUSART    		CODE           	3402	0000	21

C:\Program Files (x86)\Microchip\xc8\v1.35\sources\pic18\plib\USART\uwrite.c estimated size: 21

C:\Program Files (x86)\Microchip\xc8\v1.35\sources\common\Umul16.c
		___wmul        		CODE           	32FA	0000	55

C:\Program Files (x86)\Microchip\xc8\v1.35\sources\common\Umul16.c estimated size: 55

CanToSerial.c
		_usart_interpreter		CODE           	3180	0000	133
		_configurazione_iniziale		CODE           	30BA	0000	199
		_usart_tx      		CODE           	2FB2	0000	265
		_main          		CODE           	2E76	0000	317
		_can_interpreter		CODE           	2B2E	0000	437
		_ISR_bassa     		CODE           	0018	0000	333
		_ISR_alta      		CODE           	0008	0000	419

CanToSerial.c estimated size: 2103

